// Jest Snapshot v1, https://goo.gl/fbAQLP

exports[`renders a snapshot 1`] = `
<div
  id="accordion"
>
  <div>
    <h2
      id="accordion-id-1"
      onClick={[Function]}
    >
      accordion title 1
    </h2>
    <div
      className="closed"
    >
      I am the contents of tab 1
    </div>
  </div>
  <div>
    <h2
      id="accordion-id-2"
      onClick={[Function]}
    >
      accordion title 2
    </h2>
    <div
      className="closed"
    >
      I am the contents of tab 2
    </div>
  </div>
</div>
`;
